read: (groupid=0, jobs=1): err= 0: pid=1098054: Wed May 20 02:03:10 2026
  read: IOPS=161k, BW=627MiB/s (658MB/s)(1024MiB/1633msec)
    clat (nsec): min=394, max=611698, avg=5877.89, stdev=34934.53
     lat (nsec): min=421, max=612725, avg=5922.39, stdev=34935.15
    clat percentiles (nsec):
     |  1.00th=[   588],  5.00th=[   692], 10.00th=[   772], 20.00th=[   916],
     | 30.00th=[  1032], 40.00th=[  1208], 50.00th=[  1432], 60.00th=[  1624],
     | 70.00th=[  1864], 80.00th=[  2256], 90.00th=[  4192], 95.00th=[  7008],
     | 99.00th=[154624], 99.50th=[346112], 99.90th=[468992], 99.95th=[481280],
     | 99.99th=[514048]
   bw (  KiB/s): min=637824, max=655072, per=100.00%, avg=647109.00, stdev=8699.66, samples=3
   iops        : min=159456, max=163768, avg=161777.00, stdev=2174.86, samples=3
  lat (nsec)   : 500=0.09%, 750=8.51%, 1000=18.24%
  lat (usec)   : 2=47.67%, 4=15.15%, 10=7.42%, 20=0.90%, 50=0.44%
  lat (usec)   : 100=0.17%, 250=0.78%, 500=0.60%, 750=0.03%
  cpu          : usr=9.25%, sys=50.43%, ctx=17321, majf=0, minf=11
  IO depths    : 1=100.0%, 2=0.0%, 4=0.0%, 8=0.0%, 16=0.0%, 32=0.0%, >=64=0.0%
     submit    : 0=0.0%, 4=100.0%, 8=0.0%, 16=0.0%, 32=0.0%, 64=0.0%, >=64=0.0%
     complete  : 0=0.0%, 4=100.0%, 8=0.0%, 16=0.0%, 32=0.0%, 64=0.0%, >=64=0.0%
     issued rwts: total=262144,0,0,0 short=0,0,0,0 dropped=0,0,0,0
     latency   : target=0, window=0, percentile=100.00%, depth=1

Run status group 0 (all jobs):
   READ: bw=627MiB/s (658MB/s), 627MiB/s-627MiB/s (658MB/s-658MB/s), io=1024MiB (1074MB), run=1633-1633msec
