rand-read: (groupid=0, jobs=1): err= 0: pid=1096892: Wed May 20 02:02:45 2026
  read: IOPS=32.8k, BW=128MiB/s (134MB/s)(1024MiB/7985msec)
    clat (nsec): min=325, max=748628, avg=30157.61, stdev=25308.31
     lat (nsec): min=349, max=749344, avg=30193.86, stdev=25312.01
    clat percentiles (nsec):
     |  1.00th=[   892],  5.00th=[   980], 10.00th=[  1048], 20.00th=[  1192],
     | 30.00th=[  1528], 40.00th=[  8160], 50.00th=[ 45312], 60.00th=[ 47360],
     | 70.00th=[ 48384], 80.00th=[ 49920], 90.00th=[ 52480], 95.00th=[ 62208],
     | 99.00th=[ 80384], 99.50th=[ 85504], 99.90th=[115200], 99.95th=[154624],
     | 99.99th=[220160]
   bw (  KiB/s): min=74400, max=223800, per=92.42%, avg=121361.93, stdev=42995.28, samples=15
   iops        : min=18600, max=55950, avg=30340.47, stdev=10748.83, samples=15
  lat (nsec)   : 500=0.01%, 750=0.05%, 1000=5.99%
  lat (usec)   : 2=27.36%, 4=2.81%, 10=4.93%, 20=1.91%, 50=38.20%
  lat (usec)   : 100=18.57%, 250=0.16%, 500=0.01%, 750=0.01%
  cpu          : usr=1.20%, sys=81.49%, ctx=313658, majf=0, minf=22
  IO depths    : 1=100.0%, 2=0.0%, 4=0.0%, 8=0.0%, 16=0.0%, 32=0.0%, >=64=0.0%
     submit    : 0=0.0%, 4=100.0%, 8=0.0%, 16=0.0%, 32=0.0%, 64=0.0%, >=64=0.0%
     complete  : 0=0.0%, 4=100.0%, 8=0.0%, 16=0.0%, 32=0.0%, 64=0.0%, >=64=0.0%
     issued rwts: total=262144,0,0,0 short=0,0,0,0 dropped=0,0,0,0
     latency   : target=0, window=0, percentile=100.00%, depth=1

Run status group 0 (all jobs):
   READ: bw=128MiB/s (134MB/s), 128MiB/s-128MiB/s (134MB/s-134MB/s), io=1024MiB (1074MB), run=7985-7985msec

