rand-read: (groupid=0, jobs=1): err= 0: pid=1089480: Wed May 20 01:59:38 2026
  read: IOPS=33.2k, BW=130MiB/s (136MB/s)(1024MiB/7893msec)
    clat (nsec): min=348, max=741486, avg=29794.21, stdev=24904.93
     lat (nsec): min=372, max=741516, avg=29823.50, stdev=24906.82
    clat percentiles (nsec):
     |  1.00th=[   892],  5.00th=[   980], 10.00th=[  1048], 20.00th=[  1176],
     | 30.00th=[  1464], 40.00th=[  8256], 50.00th=[ 45312], 60.00th=[ 46848],
     | 70.00th=[ 47872], 80.00th=[ 49408], 90.00th=[ 51456], 95.00th=[ 60160],
     | 99.00th=[ 80384], 99.50th=[ 84480], 99.90th=[107008], 99.95th=[144384],
     | 99.99th=[207872]
   bw (  KiB/s): min=74840, max=233144, per=93.79%, avg=124596.33, stdev=44719.34, samples=15
   iops        : min=18710, max=58286, avg=31149.07, stdev=11179.84, samples=15
  lat (nsec)   : 500=0.01%, 750=0.06%, 1000=6.15%
  lat (usec)   : 2=27.77%, 4=2.33%, 10=4.81%, 20=1.95%, 50=41.03%
  lat (usec)   : 100=15.76%, 250=0.13%, 500=0.01%, 750=0.01%
  cpu          : usr=1.82%, sys=81.45%, ctx=313663, majf=0, minf=23
  IO depths    : 1=100.0%, 2=0.0%, 4=0.0%, 8=0.0%, 16=0.0%, 32=0.0%, >=64=0.0%
     submit    : 0=0.0%, 4=100.0%, 8=0.0%, 16=0.0%, 32=0.0%, 64=0.0%, >=64=0.0%
     complete  : 0=0.0%, 4=100.0%, 8=0.0%, 16=0.0%, 32=0.0%, 64=0.0%, >=64=0.0%
     issued rwts: total=262144,0,0,0 short=0,0,0,0 dropped=0,0,0,0
     latency   : target=0, window=0, percentile=100.00%, depth=1

Run status group 0 (all jobs):
   READ: bw=130MiB/s (136MB/s), 130MiB/s-130MiB/s (136MB/s-136MB/s), io=1024MiB (1074MB), run=7893-7893msec
