read: (groupid=0, jobs=1): err= 0: pid=1089983: Wed May 20 01:59:49 2026
  read: IOPS=171k, BW=669MiB/s (701MB/s)(1024MiB/1531msec)
    clat (nsec): min=399, max=20031k, avg=5518.69, stdev=78913.54
     lat (nsec): min=425, max=20031k, avg=5559.51, stdev=78913.64
    clat percentiles (nsec):
     |  1.00th=[   524],  5.00th=[   636], 10.00th=[   692], 20.00th=[   748],
     | 30.00th=[   820], 40.00th=[   900], 50.00th=[   972], 60.00th=[  1048],
     | 70.00th=[  1160], 80.00th=[  1336], 90.00th=[  1704], 95.00th=[  1928],
     | 99.00th=[222208], 99.50th=[296960], 99.90th=[374784], 99.95th=[411648],
     | 99.99th=[577536]
   bw (  KiB/s): min=527320, max=776704, per=99.97%, avg=684701.33, stdev=136944.78, samples=3
   iops        : min=131830, max=194176, avg=171175.33, stdev=34236.19, samples=3
  lat (nsec)   : 500=0.51%, 750=19.37%, 1000=33.92%
  lat (usec)   : 2=42.39%, 4=2.02%, 10=0.11%, 20=0.12%, 50=0.01%
  lat (usec)   : 100=0.01%, 250=0.73%, 500=0.81%, 750=0.01%, 1000=0.01%
  lat (msec)   : 2=0.01%, 4=0.01%, 10=0.01%, 20=0.01%, 50=0.01%
  cpu          : usr=6.54%, sys=55.23%, ctx=3562, majf=0, minf=11
  IO depths    : 1=100.0%, 2=0.0%, 4=0.0%, 8=0.0%, 16=0.0%, 32=0.0%, >=64=0.0%
     submit    : 0=0.0%, 4=100.0%, 8=0.0%, 16=0.0%, 32=0.0%, 64=0.0%, >=64=0.0%
     complete  : 0=0.0%, 4=100.0%, 8=0.0%, 16=0.0%, 32=0.0%, 64=0.0%, >=64=0.0%
     issued rwts: total=262144,0,0,0 short=0,0,0,0 dropped=0,0,0,0
     latency   : target=0, window=0, percentile=100.00%, depth=1

Run status group 0 (all jobs):
   READ: bw=669MiB/s (701MB/s), 669MiB/s-669MiB/s (701MB/s-701MB/s), io=1024MiB (1074MB), run=1531-1531msec
