read: (groupid=0, jobs=1): err= 0: pid=317286: Tue May 19 13:36:55 2026
  read: IOPS=325k, BW=1270MiB/s (1332MB/s)(1024MiB/806msec)
    clat (nsec): min=442, max=659489, avg=2861.48, stdev=14630.17
     lat (nsec): min=469, max=660205, avg=2888.63, stdev=14630.40
    clat percentiles (nsec):
     |  1.00th=[   482],  5.00th=[   502], 10.00th=[   524], 20.00th=[   588],
     | 30.00th=[  1020], 40.00th=[  1048], 50.00th=[  1080], 60.00th=[  1144],
     | 70.00th=[  1224], 80.00th=[  1304], 90.00th=[  1448], 95.00th=[  1592],
     | 99.00th=[116224], 99.50th=[121344], 99.90th=[136192], 99.95th=[140288],
     | 99.99th=[199680]
   bw (  MiB/s): min= 1158, max= 1158, per=91.22%, avg=1158.94, stdev= 0.00, samples=1
   iops        : min=296688, max=296688, avg=296688.00, stdev= 0.00, samples=1
  lat (nsec)   : 500=4.43%, 750=20.22%, 1000=2.37%
  lat (usec)   : 2=70.64%, 4=0.73%, 10=0.03%, 20=0.02%, 50=0.01%
  lat (usec)   : 100=0.36%, 250=1.20%, 500=0.01%, 750=0.01%
  cpu          : usr=6.34%, sys=75.65%, ctx=4076, majf=0, minf=10
  IO depths    : 1=100.0%, 2=0.0%, 4=0.0%, 8=0.0%, 16=0.0%, 32=0.0%, >=64=0.0%
     submit    : 0=0.0%, 4=100.0%, 8=0.0%, 16=0.0%, 32=0.0%, 64=0.0%, >=64=0.0%
     complete  : 0=0.0%, 4=100.0%, 8=0.0%, 16=0.0%, 32=0.0%, 64=0.0%, >=64=0.0%
     issued rwts: total=262144,0,0,0 short=0,0,0,0 dropped=0,0,0,0
     latency   : target=0, window=0, percentile=100.00%, depth=1

Run status group 0 (all jobs):
   READ: bw=1270MiB/s (1332MB/s), 1270MiB/s-1270MiB/s (1332MB/s-1332MB/s), io=1024MiB (1074MB), run=806-806msec
