rand-read: (groupid=0, jobs=1): err= 0: pid=311509: Tue May 19 13:34:30 2026
  read: IOPS=25.1k, BW=98.2MiB/s (103MB/s)(1024MiB/10428msec)
    clat (nsec): min=418, max=740672, avg=39279.25, stdev=31286.31
     lat (nsec): min=441, max=740734, avg=39333.82, stdev=31284.72
    clat percentiles (nsec):
     |  1.00th=[  1256],  5.00th=[  1704], 10.00th=[  1864], 20.00th=[  2096],
     | 30.00th=[  2448], 40.00th=[ 18560], 50.00th=[ 58624], 60.00th=[ 60160],
     | 70.00th=[ 61696], 80.00th=[ 63744], 90.00th=[ 67072], 95.00th=[ 78336],
     | 99.00th=[ 98816], 99.50th=[104960], 99.90th=[142336], 99.95th=[181248],
     | 99.99th=[232448]
   bw (  KiB/s): min=57176, max=171568, per=95.72%, avg=96254.30, stdev=30609.23, samples=20
   iops        : min=14294, max=42892, avg=24063.50, stdev=7652.35, samples=20
  lat (nsec)   : 500=0.01%, 750=0.01%, 1000=0.15%
  lat (usec)   : 2=15.20%, 4=19.66%, 10=1.62%, 20=3.95%, 50=2.71%
  lat (usec)   : 100=55.87%, 250=0.82%, 500=0.01%, 750=0.01%
  cpu          : usr=2.30%, sys=20.13%, ctx=166114, majf=0, minf=17
  IO depths    : 1=100.0%, 2=0.0%, 4=0.0%, 8=0.0%, 16=0.0%, 32=0.0%, >=64=0.0%
     submit    : 0=0.0%, 4=100.0%, 8=0.0%, 16=0.0%, 32=0.0%, 64=0.0%, >=64=0.0%
     complete  : 0=0.0%, 4=100.0%, 8=0.0%, 16=0.0%, 32=0.0%, 64=0.0%, >=64=0.0%
     issued rwts: total=262144,0,0,0 short=0,0,0,0 dropped=0,0,0,0
     latency   : target=0, window=0, percentile=100.00%, depth=1

Run status group 0 (all jobs):
   READ: bw=98.2MiB/s (103MB/s), 98.2MiB/s-98.2MiB/s (103MB/s-103MB/s), io=1024MiB (1074MB), run=10428-10428msec
