rand-read: (groupid=0, jobs=1): err= 0: pid=316044: Tue May 19 13:36:25 2026
  read: IOPS=24.4k, BW=95.3MiB/s (99.9MB/s)(1024MiB/10750msec)
    clat (nsec): min=670, max=3344.9k, avg=40362.42, stdev=33530.38
     lat (nsec): min=718, max=3344.0k, avg=40421.71, stdev=33532.68
    clat percentiles (nsec):
     |  1.00th=[  1224],  5.00th=[  1368], 10.00th=[  1496], 20.00th=[  1736],
     | 30.00th=[  2256], 40.00th=[ 16512], 50.00th=[ 58112], 60.00th=[ 61184],
     | 70.00th=[ 65280], 80.00th=[ 68096], 90.00th=[ 71168], 95.00th=[ 83456],
     | 99.00th=[100864], 99.50th=[107008], 99.90th=[146432], 99.95th=[185344],
     | 99.99th=[244736]
   bw (  KiB/s): min=53952, max=196168, per=96.85%, avg=94465.62, stdev=39446.83, samples=21
   iops        : min=13488, max=49042, avg=23616.38, stdev=9861.71, samples=21
  lat (nsec)   : 750=0.01%, 1000=0.02%
  lat (usec)   : 2=26.83%, 4=8.07%, 10=1.72%, 20=4.54%, 50=2.36%
  lat (usec)   : 100=55.28%, 250=1.17%, 500=0.01%, 1000=0.01%
  lat (msec)   : 2=0.01%, 4=0.01%
  cpu          : usr=3.98%, sys=21.00%, ctx=230190, majf=0, minf=17
  IO depths    : 1=100.0%, 2=0.0%, 4=0.0%, 8=0.0%, 16=0.0%, 32=0.0%, >=64=0.0%
     submit    : 0=0.0%, 4=100.0%, 8=0.0%, 16=0.0%, 32=0.0%, 64=0.0%, >=64=0.0%
     complete  : 0=0.0%, 4=100.0%, 8=0.0%, 16=0.0%, 32=0.0%, 64=0.0%, >=64=0.0%
     issued rwts: total=262144,0,0,0 short=0,0,0,0 dropped=0,0,0,0
     latency   : target=0, window=0, percentile=100.00%, depth=1

Run status group 0 (all jobs):
   READ: bw=95.3MiB/s (99.9MB/s), 95.3MiB/s-95.3MiB/s (99.9MB/s-99.9MB/s), io=1024MiB (1074MB), run=10750-10750msec
