read: (groupid=0, jobs=1): err= 0: pid=313045: Tue May 19 13:35:12 2026
  read: IOPS=308k, BW=1205MiB/s (1263MB/s)(1024MiB/850msec)
    clat (nsec): min=526, max=628123, avg=3028.13, stdev=15387.97
     lat (nsec): min=559, max=628836, avg=3055.61, stdev=15388.17
    clat percentiles (nsec):
     |  1.00th=[   580],  5.00th=[   636], 10.00th=[   740], 20.00th=[  1020],
     | 30.00th=[  1048], 40.00th=[  1064], 50.00th=[  1096], 60.00th=[  1144],
     | 70.00th=[  1240], 80.00th=[  1304], 90.00th=[  1432], 95.00th=[  1592],
     | 99.00th=[117248], 99.50th=[122368], 99.90th=[144384], 99.95th=[154624],
     | 99.99th=[242688]
   bw (  MiB/s): min= 1166, max= 1166, per=96.83%, avg=1166.46, stdev= 0.00, samples=1
   iops        : min=298614, max=298614, avg=298614.00, stdev= 0.00, samples=1
  lat (nsec)   : 750=10.32%, 1000=4.72%
  lat (usec)   : 2=82.74%, 4=0.59%, 10=0.04%, 20=0.03%, 50=0.01%
  lat (usec)   : 100=0.18%, 250=1.38%, 500=0.01%, 750=0.01%
  cpu          : usr=7.54%, sys=73.97%, ctx=3903, majf=0, minf=12
  IO depths    : 1=100.0%, 2=0.0%, 4=0.0%, 8=0.0%, 16=0.0%, 32=0.0%, >=64=0.0%
     submit    : 0=0.0%, 4=100.0%, 8=0.0%, 16=0.0%, 32=0.0%, 64=0.0%, >=64=0.0%
     complete  : 0=0.0%, 4=100.0%, 8=0.0%, 16=0.0%, 32=0.0%, 64=0.0%, >=64=0.0%
     issued rwts: total=262144,0,0,0 short=0,0,0,0 dropped=0,0,0,0
     latency   : target=0, window=0, percentile=100.00%, depth=1

Run status group 0 (all jobs):
   READ: bw=1205MiB/s (1263MB/s), 1205MiB/s-1205MiB/s (1263MB/s-1263MB/s), io=1024MiB (1074MB), run=850-850msec

