rand-read: (groupid=0, jobs=1): err= 0: pid=323189: Tue May 19 13:38:57 2026
  read: IOPS=23.7k, BW=92.6MiB/s (97.1MB/s)(1024MiB/11053msec)
    clat (nsec): min=515, max=809843, avg=41401.86, stdev=33706.91
     lat (nsec): min=550, max=809928, avg=41466.05, stdev=33713.04
    clat percentiles (nsec):
     |  1.00th=[  1352],  5.00th=[  1512], 10.00th=[  1640], 20.00th=[  1864],
     | 30.00th=[  2192], 40.00th=[ 15040], 50.00th=[ 62720], 60.00th=[ 64256],
     | 70.00th=[ 66048], 80.00th=[ 67072], 90.00th=[ 71168], 95.00th=[ 89600],
     | 99.00th=[102912], 99.50th=[112128], 99.90th=[144384], 99.95th=[173056],
     | 99.99th=[232448]
   bw (  KiB/s): min=56920, max=197992, per=99.39%, avg=94283.73, stdev=37020.08, samples=22
   iops        : min=14230, max=49498, avg=23570.95, stdev=9255.01, samples=22
  lat (nsec)   : 750=0.01%, 1000=0.01%
  lat (usec)   : 2=24.85%, 4=9.97%, 10=1.78%, 20=4.85%, 50=1.90%
  lat (usec)   : 100=55.11%, 250=1.53%, 500=0.01%, 750=0.01%, 1000=0.01%
  cpu          : usr=3.77%, sys=21.12%, ctx=313515, majf=0, minf=10
  IO depths    : 1=100.0%, 2=0.0%, 4=0.0%, 8=0.0%, 16=0.0%, 32=0.0%, >=64=0.0%
     submit    : 0=0.0%, 4=100.0%, 8=0.0%, 16=0.0%, 32=0.0%, 64=0.0%, >=64=0.0%
     complete  : 0=0.0%, 4=100.0%, 8=0.0%, 16=0.0%, 32=0.0%, 64=0.0%, >=64=0.0%
     issued rwts: total=262144,0,0,0 short=0,0,0,0 dropped=0,0,0,0
     latency   : target=0, window=0, percentile=100.00%, depth=1

Run status group 0 (all jobs):
   READ: bw=92.6MiB/s (97.1MB/s), 92.6MiB/s-92.6MiB/s (97.1MB/s-97.1MB/s), io=1024MiB (1074MB), run=11053-11053msec

