read: (groupid=0, jobs=1): err= 0: pid=326225: Tue May 19 13:40:06 2026
  read: IOPS=259k, BW=1013MiB/s (1062MB/s)(1024MiB/1011msec)
    clat (nsec): min=385, max=729579, avg=3611.07, stdev=24400.36
     lat (nsec): min=409, max=730299, avg=3640.60, stdev=24401.01
    clat percentiles (nsec):
     |  1.00th=[   410],  5.00th=[   422], 10.00th=[   434], 20.00th=[   450],
     | 30.00th=[   466], 40.00th=[   482], 50.00th=[   502], 60.00th=[   524],
     | 70.00th=[   572], 80.00th=[   620], 90.00th=[   716], 95.00th=[   844],
     | 99.00th=[181248], 99.50th=[195584], 99.90th=[248832], 99.95th=[254976],
     | 99.99th=[374784]
   bw (  KiB/s): min=950016, max=1125592, per=100.00%, avg=1037804.00, stdev=124150.98, samples=2
   iops        : min=237506, max=281396, avg=259451.00, stdev=31034.92, samples=2
  lat (nsec)   : 500=48.70%, 750=43.59%, 1000=3.86%
  lat (usec)   : 2=1.35%, 4=0.83%, 10=0.01%, 20=0.01%, 50=0.09%
  lat (usec)   : 250=1.47%, 500=0.09%, 750=0.01%
  cpu          : usr=10.30%, sys=40.20%, ctx=5598, majf=0, minf=10
  IO depths    : 1=100.0%, 2=0.0%, 4=0.0%, 8=0.0%, 16=0.0%, 32=0.0%, >=64=0.0%
     submit    : 0=0.0%, 4=100.0%, 8=0.0%, 16=0.0%, 32=0.0%, 64=0.0%, >=64=0.0%
     complete  : 0=0.0%, 4=100.0%, 8=0.0%, 16=0.0%, 32=0.0%, 64=0.0%, >=64=0.0%
     issued rwts: total=262144,0,0,0 short=0,0,0,0 dropped=0,0,0,0
     latency   : target=0, window=0, percentile=100.00%, depth=1

Run status group 0 (all jobs):
   READ: bw=1013MiB/s (1062MB/s), 1013MiB/s-1013MiB/s (1062MB/s-1062MB/s), io=1024MiB (1074MB), run=1011-1011msec
