rand-read: (groupid=0, jobs=1): err= 0: pid=304720: Tue May 19 13:31:58 2026
  read: IOPS=9018, BW=35.2MiB/s (36.9MB/s)(1024MiB/29066msec)
    clat (nsec): min=546, max=11247k, avg=110238.81, stdev=110848.02
     lat (nsec): min=578, max=11247k, avg=110304.81, stdev=110848.47
    clat percentiles (nsec):
     |  1.00th=[   1512],  5.00th=[   1944], 10.00th=[   2192],
     | 20.00th=[   2640], 30.00th=[   3344], 40.00th=[  96768],
     | 50.00th=[ 160768], 60.00th=[ 171008], 70.00th=[ 179200],
     | 80.00th=[ 187392], 90.00th=[ 197632], 95.00th=[ 205824],
     | 99.00th=[ 230400], 99.50th=[ 238592], 99.90th=[ 284672],
     | 99.95th=[ 333824], 99.99th=[3358720]
   bw (  KiB/s): min=22323, max=68912, per=99.75%, avg=35985.71, stdev=12103.48, samples=58
   iops        : min= 5580, max=17228, avg=8996.29, stdev=3025.90, samples=58
  lat (nsec)   : 750=0.01%, 1000=0.01%
  lat (usec)   : 2=6.06%, 4=27.31%, 10=2.41%, 20=0.93%, 50=0.32%
  lat (usec)   : 100=3.58%, 250=59.11%, 500=0.25%, 750=0.01%, 1000=0.01%
  lat (msec)   : 2=0.01%, 4=0.01%, 10=0.01%, 20=0.01%
  cpu          : usr=1.50%, sys=11.13%, ctx=172600, majf=0, minf=17
  IO depths    : 1=100.0%, 2=0.0%, 4=0.0%, 8=0.0%, 16=0.0%, 32=0.0%, >=64=0.0%
     submit    : 0=0.0%, 4=100.0%, 8=0.0%, 16=0.0%, 32=0.0%, 64=0.0%, >=64=0.0%
     complete  : 0=0.0%, 4=100.0%, 8=0.0%, 16=0.0%, 32=0.0%, 64=0.0%, >=64=0.0%
     issued rwts: total=262144,0,0,0 short=0,0,0,0 dropped=0,0,0,0
     latency   : target=0, window=0, percentile=100.00%, depth=1

Run status group 0 (all jobs):
   READ: bw=35.2MiB/s (36.9MB/s), 35.2MiB/s-35.2MiB/s (36.9MB/s-36.9MB/s), io=1024MiB (1074MB), run=29066-29066msec

