read: (groupid=0, jobs=1): err= 0: pid=306585: Tue May 19 13:32:22 2026
  read: IOPS=198k, BW=774MiB/s (812MB/s)(1024MiB/1323msec)
    clat (nsec): min=487, max=8053.0k, avg=4703.29, stdev=40323.87
     lat (nsec): min=520, max=8054.0k, avg=4746.63, stdev=40324.13
    clat percentiles (nsec):
     |  1.00th=[   548],  5.00th=[   652], 10.00th=[   692], 20.00th=[   748],
     | 30.00th=[   804], 40.00th=[   916], 50.00th=[  1192], 60.00th=[  1256],
     | 70.00th=[  1368], 80.00th=[  1592], 90.00th=[  1992], 95.00th=[  2224],
     | 99.00th=[179200], 99.50th=[248832], 99.90th=[333824], 99.95th=[358400],
     | 99.99th=[522240]
   bw (  KiB/s): min=728103, max=828928, per=98.23%, avg=778515.50, stdev=71294.04, samples=2
   iops        : min=182025, max=207232, avg=194628.50, stdev=17824.04, samples=2
  lat (nsec)   : 500=0.01%, 750=19.90%, 1000=21.75%
  lat (usec)   : 2=48.51%, 4=7.99%, 10=0.12%, 20=0.13%, 50=0.01%
  lat (usec)   : 100=0.10%, 250=0.99%, 500=0.47%, 750=0.01%
  lat (msec)   : 4=0.01%, 10=0.01%
  cpu          : usr=10.89%, sys=50.98%, ctx=3672, majf=0, minf=10
  IO depths    : 1=100.0%, 2=0.0%, 4=0.0%, 8=0.0%, 16=0.0%, 32=0.0%, >=64=0.0%
     submit    : 0=0.0%, 4=100.0%, 8=0.0%, 16=0.0%, 32=0.0%, 64=0.0%, >=64=0.0%
     complete  : 0=0.0%, 4=100.0%, 8=0.0%, 16=0.0%, 32=0.0%, 64=0.0%, >=64=0.0%
     issued rwts: total=262144,0,0,0 short=0,0,0,0 dropped=0,0,0,0
     latency   : target=0, window=0, percentile=100.00%, depth=1

Run status group 0 (all jobs):
   READ: bw=774MiB/s (812MB/s), 774MiB/s-774MiB/s (812MB/s-812MB/s), io=1024MiB (1074MB), run=1323-1323msec
