read: (groupid=0, jobs=1): err= 0: pid=1036135: Wed May 20 01:31:31 2026
  read: IOPS=138k, BW=540MiB/s (566MB/s)(1024MiB/1896msec)
    clat (nsec): min=415, max=2538.9k, avg=6921.11, stdev=42413.53
     lat (nsec): min=441, max=2538.9k, avg=6961.07, stdev=42414.09
    clat percentiles (nsec):
     |  1.00th=[   684],  5.00th=[   884], 10.00th=[   980], 20.00th=[  1112],
     | 30.00th=[  1224], 40.00th=[  1336], 50.00th=[  1480], 60.00th=[  1656],
     | 70.00th=[  1864], 80.00th=[  2192], 90.00th=[  3568], 95.00th=[  7200],
     | 99.00th=[205824], 99.50th=[428032], 99.90th=[497664], 99.95th=[518144],
     | 99.99th=[561152]
   bw (  KiB/s): min=519016, max=603984, per=100.00%, avg=560824.00, stdev=42500.13, samples=3
   iops        : min=129754, max=150996, avg=140206.00, stdev=10625.03, samples=3
  lat (nsec)   : 500=0.08%, 750=1.68%, 1000=9.62%
  lat (usec)   : 2=63.73%, 4=15.69%, 10=6.16%, 20=0.91%, 50=0.55%
  lat (usec)   : 100=0.01%, 250=0.74%, 500=0.73%, 750=0.09%, 1000=0.01%
  lat (msec)   : 4=0.01%
  cpu          : usr=6.86%, sys=52.22%, ctx=16067, majf=0, minf=20
  IO depths    : 1=100.0%, 2=0.0%, 4=0.0%, 8=0.0%, 16=0.0%, 32=0.0%, >=64=0.0%
     submit    : 0=0.0%, 4=100.0%, 8=0.0%, 16=0.0%, 32=0.0%, 64=0.0%, >=64=0.0%
     complete  : 0=0.0%, 4=100.0%, 8=0.0%, 16=0.0%, 32=0.0%, 64=0.0%, >=64=0.0%
     issued rwts: total=262144,0,0,0 short=0,0,0,0 dropped=0,0,0,0
     latency   : target=0, window=0, percentile=100.00%, depth=1

Run status group 0 (all jobs):
   READ: bw=540MiB/s (566MB/s), 540MiB/s-540MiB/s (566MB/s-566MB/s), io=1024MiB (1074MB), run=1896-1896msec
