rand-read: (groupid=0, jobs=1): err= 0: pid=1039701: Wed May 20 01:33:47 2026
  read: IOPS=8348, BW=32.6MiB/s (34.2MB/s)(1024MiB/31402msec)
    clat (nsec): min=597, max=17530k, avg=119091.71, stdev=131771.86
     lat (nsec): min=630, max=17530k, avg=119173.93, stdev=131775.08
    clat percentiles (nsec):
     |  1.00th=[   1544],  5.00th=[   1912], 10.00th=[   2160],
     | 20.00th=[   2608], 30.00th=[   3312], 40.00th=[ 108032],
     | 50.00th=[ 175104], 60.00th=[ 185344], 70.00th=[ 193536],
     | 80.00th=[ 201728], 90.00th=[ 209920], 95.00th=[ 218112],
     | 99.00th=[ 242688], 99.50th=[ 250880], 99.90th=[ 276480],
     | 99.95th=[ 296960], 99.99th=[4423680]
   bw (  KiB/s): min=19888, max=59336, per=98.94%, avg=33037.06, stdev=10089.26, samples=62
   iops        : min= 4972, max=14834, avg=8259.21, stdev=2522.32, samples=62
  lat (nsec)   : 750=0.01%, 1000=0.01%
  lat (usec)   : 2=6.42%, 4=27.11%, 10=2.20%, 20=0.91%, 50=0.25%
  lat (usec)   : 100=2.13%, 250=60.43%, 500=0.50%, 750=0.01%, 1000=0.01%
  lat (msec)   : 2=0.01%, 4=0.01%, 10=0.01%, 20=0.01%
  cpu          : usr=1.20%, sys=10.79%, ctx=172572, majf=0, minf=16
  IO depths    : 1=100.0%, 2=0.0%, 4=0.0%, 8=0.0%, 16=0.0%, 32=0.0%, >=64=0.0%
     submit    : 0=0.0%, 4=100.0%, 8=0.0%, 16=0.0%, 32=0.0%, 64=0.0%, >=64=0.0%
     complete  : 0=0.0%, 4=100.0%, 8=0.0%, 16=0.0%, 32=0.0%, 64=0.0%, >=64=0.0%
     issued rwts: total=262144,0,0,0 short=0,0,0,0 dropped=0,0,0,0
     latency   : target=0, window=0, percentile=100.00%, depth=1

Run status group 0 (all jobs):
   READ: bw=32.6MiB/s (34.2MB/s), 32.6MiB/s-32.6MiB/s (34.2MB/s-34.2MB/s), io=1024MiB (1074MB), run=31402-31402msec
