read: (groupid=0, jobs=1): err= 0: pid=1046429: Wed May 20 01:36:41 2026
  read: IOPS=187k, BW=731MiB/s (767MB/s)(1024MiB/1400msec)
    clat (nsec): min=438, max=7921.2k, avg=5031.25, stdev=39637.16
     lat (nsec): min=464, max=7921.3k, avg=5070.68, stdev=39637.60
    clat percentiles (nsec):
     |  1.00th=[   516],  5.00th=[   636], 10.00th=[   684], 20.00th=[   740],
     | 30.00th=[   804], 40.00th=[   884], 50.00th=[   948], 60.00th=[  1012],
     | 70.00th=[  1096], 80.00th=[  1224], 90.00th=[  1624], 95.00th=[  1848],
     | 99.00th=[220160], 99.50th=[288768], 99.90th=[354304], 99.95th=[378880],
     | 99.99th=[489472]
   bw (  KiB/s): min=740488, max=758944, per=100.00%, avg=749716.00, stdev=13050.36, samples=2
   iops        : min=185122, max=189738, avg=187430.00, stdev=3264.00, samples=2
  lat (nsec)   : 500=0.44%, 750=20.85%, 1000=37.51%
  lat (usec)   : 2=38.15%, 4=1.29%, 10=0.10%, 20=0.10%, 50=0.01%
  lat (usec)   : 100=0.01%, 250=0.77%, 500=0.78%, 750=0.01%, 1000=0.01%
  lat (msec)   : 4=0.01%, 10=0.01%
  cpu          : usr=8.51%, sys=56.61%, ctx=3618, majf=0, minf=12
  IO depths    : 1=100.0%, 2=0.0%, 4=0.0%, 8=0.0%, 16=0.0%, 32=0.0%, >=64=0.0%
     submit    : 0=0.0%, 4=100.0%, 8=0.0%, 16=0.0%, 32=0.0%, 64=0.0%, >=64=0.0%
     complete  : 0=0.0%, 4=100.0%, 8=0.0%, 16=0.0%, 32=0.0%, 64=0.0%, >=64=0.0%
     issued rwts: total=262144,0,0,0 short=0,0,0,0 dropped=0,0,0,0
     latency   : target=0, window=0, percentile=100.00%, depth=1

Run status group 0 (all jobs):
   READ: bw=731MiB/s (767MB/s), 731MiB/s-731MiB/s (767MB/s-767MB/s), io=1024MiB (1074MB), run=1400-1400msec
