rand-read: (groupid=0, jobs=1): err= 0: pid=1044858: Wed May 20 01:36:09 2026
  read: IOPS=8883, BW=34.7MiB/s (36.4MB/s)(1024MiB/29509msec)
    clat (nsec): min=510, max=16259k, avg=111906.20, stdev=113336.82
     lat (nsec): min=547, max=16259k, avg=111982.54, stdev=113338.54
    clat percentiles (nsec):
     |  1.00th=[   1432],  5.00th=[   1768], 10.00th=[   2064],
     | 20.00th=[   2544], 30.00th=[   3280], 40.00th=[  99840],
     | 50.00th=[ 164864], 60.00th=[ 173056], 70.00th=[ 183296],
     | 80.00th=[ 191488], 90.00th=[ 199680], 95.00th=[ 207872],
     | 99.00th=[ 232448], 99.50th=[ 242688], 99.90th=[ 284672],
     | 99.95th=[ 321536], 99.99th=[1892352]
   bw (  KiB/s): min=21440, max=69848, per=99.96%, avg=35518.44, stdev=12046.33, samples=59
   iops        : min= 5360, max=17462, avg=8879.59, stdev=3011.59, samples=59
  lat (nsec)   : 750=0.01%, 1000=0.01%
  lat (usec)   : 2=8.96%, 4=24.39%, 10=2.44%, 20=0.89%, 50=0.33%
  lat (usec)   : 100=2.98%, 250=59.65%, 500=0.32%, 750=0.01%, 1000=0.01%
  lat (msec)   : 2=0.01%, 4=0.01%, 10=0.01%, 20=0.01%
  cpu          : usr=1.28%, sys=11.70%, ctx=172282, majf=0, minf=22
  IO depths    : 1=100.0%, 2=0.0%, 4=0.0%, 8=0.0%, 16=0.0%, 32=0.0%, >=64=0.0%
     submit    : 0=0.0%, 4=100.0%, 8=0.0%, 16=0.0%, 32=0.0%, 64=0.0%, >=64=0.0%
     complete  : 0=0.0%, 4=100.0%, 8=0.0%, 16=0.0%, 32=0.0%, 64=0.0%, >=64=0.0%
     issued rwts: total=262144,0,0,0 short=0,0,0,0 dropped=0,0,0,0
     latency   : target=0, window=0, percentile=100.00%, depth=1

Run status group 0 (all jobs):
   READ: bw=34.7MiB/s (36.4MB/s), 34.7MiB/s-34.7MiB/s (36.4MB/s-36.4MB/s), io=1024MiB (1074MB), run=29509-29509msec
