Jobs: 1 (f=1): [r(1)][100.0%][r=188MiB/s][r=48.2k IOPS][eta 00m:00s]
rand-read: (groupid=0, jobs=1): err= 0: pid=297672: Tue May 19 13:28:37 2026
  read: IOPS=28.6k, BW=112MiB/s (117MB/s)(1024MiB/9181msec)
    clat (nsec): min=322, max=747081, avg=34785.80, stdev=28783.21
     lat (nsec): min=345, max=747120, avg=34818.54, stdev=28784.69
    clat percentiles (nsec):
     |  1.00th=[   820],  5.00th=[   908], 10.00th=[   972], 20.00th=[  1112],
     | 30.00th=[  1352], 40.00th=[ 13376], 50.00th=[ 52992], 60.00th=[ 54016],
     | 70.00th=[ 55552], 80.00th=[ 56576], 90.00th=[ 59136], 95.00th=[ 71168],
     | 99.00th=[ 90624], 99.50th=[ 99840], 99.90th=[125440], 99.95th=[164864],
     | 99.99th=[220160]
   bw (  KiB/s): min=64904, max=218216, per=97.55%, avg=111410.83, stdev=40711.25, samples=18
   iops        : min=16226, max=54554, avg=27852.67, stdev=10177.74, samples=18
  lat (nsec)   : 500=0.02%, 750=0.23%, 1000=11.73%
  lat (usec)   : 2=22.91%, 4=0.67%, 10=1.11%, 20=5.23%, 50=1.64%
  lat (usec)   : 100=56.00%, 250=0.47%, 500=0.01%, 750=0.01%
  cpu          : usr=1.25%, sys=98.71%, ctx=1014, majf=0, minf=11
  IO depths    : 1=100.0%, 2=0.0%, 4=0.0%, 8=0.0%, 16=0.0%, 32=0.0%, >=64=0.0%
     submit    : 0=0.0%, 4=100.0%, 8=0.0%, 16=0.0%, 32=0.0%, 64=0.0%, >=64=0.0%
     complete  : 0=0.0%, 4=100.0%, 8=0.0%, 16=0.0%, 32=0.0%, 64=0.0%, >=64=0.0%
     issued rwts: total=262144,0,0,0 short=0,0,0,0 dropped=0,0,0,0
     latency   : target=0, window=0, percentile=100.00%, depth=1

Run status group 0 (all jobs):
   READ: bw=112MiB/s (117MB/s), 112MiB/s-112MiB/s (117MB/s-117MB/s), io=1024MiB (1074MB), run=9181-9181msec
