read: (groupid=0, jobs=1): err= 0: pid=300229: Tue May 19 13:29:45 2026
  read: IOPS=324k, BW=1266MiB/s (1327MB/s)(1024MiB/809msec)
    clat (nsec): min=431, max=601570, avg=2857.66, stdev=18232.08
     lat (nsec): min=456, max=602359, avg=2886.58, stdev=18232.28
    clat percentiles (nsec):
     |  1.00th=[   462],  5.00th=[   478], 10.00th=[   486], 20.00th=[   502],
     | 30.00th=[   516], 40.00th=[   532], 50.00th=[   556], 60.00th=[   580],
     | 70.00th=[   620], 80.00th=[   684], 90.00th=[   772], 95.00th=[   900],
     | 99.00th=[134144], 99.50th=[138240], 99.90th=[191488], 99.95th=[203776],
     | 99.99th=[259072]
   bw (  MiB/s): min= 1212, max= 1212, per=95.79%, avg=1212.46, stdev= 0.00, samples=1
   iops        : min=310390, max=310390, avg=310390.00, stdev= 0.00, samples=1
  lat (nsec)   : 500=19.18%, 750=68.36%, 1000=8.09%
  lat (usec)   : 2=2.76%, 4=0.02%, 10=0.02%, 20=0.01%, 50=0.01%
  lat (usec)   : 100=0.06%, 250=1.49%, 500=0.01%, 750=0.01%
  cpu          : usr=8.17%, sys=79.83%, ctx=4044, majf=0, minf=10
  IO depths    : 1=100.0%, 2=0.0%, 4=0.0%, 8=0.0%, 16=0.0%, 32=0.0%, >=64=0.0%
     submit    : 0=0.0%, 4=100.0%, 8=0.0%, 16=0.0%, 32=0.0%, 64=0.0%, >=64=0.0%
     complete  : 0=0.0%, 4=100.0%, 8=0.0%, 16=0.0%, 32=0.0%, 64=0.0%, >=64=0.0%
     issued rwts: total=262144,0,0,0 short=0,0,0,0 dropped=0,0,0,0
     latency   : target=0, window=0, percentile=100.00%, depth=1

Run status group 0 (all jobs):
   READ: bw=1266MiB/s (1327MB/s), 1266MiB/s-1266MiB/s (1327MB/s-1327MB/s), io=1024MiB (1074MB), run=809-809msec
